SET pg_strom.regression_test_mode = on;
SET search_path = pgstrom_regress,public;
SET pg_strom.debug_kernel_source = off;
--Q3_3
SET pg_strom.enabled = on;
select c_city,s_city,d_year,sum(lo_revenue) as revenue
from customer,lineorder,supplier,date1
where lo_custkey = c_custkey
  and lo_suppkey = s_suppkey
  and lo_orderdate = d_datekey
  and (c_city='UNITED KI1' or c_city='UNITED KI5')
  and (s_city='UNITED KI1' or s_city='UNITED KI5')
  and d_year >= 1992 and d_year <= 1997
  group by c_city, s_city, d_year
  order by d_year asc,revenue desc;
   c_city   |   s_city   | d_year |  revenue  
------------+------------+--------+-----------
 UNITED KI5 | UNITED KI1 |   1992 | 139987015
 UNITED KI5 | UNITED KI5 |   1992 | 134090283
 UNITED KI1 | UNITED KI1 |   1992 |  76725489
 UNITED KI1 | UNITED KI5 |   1992 |  74498948
 UNITED KI1 | UNITED KI1 |   1993 | 158434408
 UNITED KI5 | UNITED KI1 |   1993 | 117487678
 UNITED KI5 | UNITED KI5 |   1993 |  62419321
 UNITED KI1 | UNITED KI5 |   1993 |  57021996
 UNITED KI1 | UNITED KI1 |   1994 | 120346223
 UNITED KI5 | UNITED KI1 |   1994 |  87669487
 UNITED KI5 | UNITED KI5 |   1994 |  76774323
 UNITED KI1 | UNITED KI5 |   1994 |  54196506
 UNITED KI1 | UNITED KI1 |   1995 | 174322740
 UNITED KI5 | UNITED KI5 |   1995 |  82117209
 UNITED KI5 | UNITED KI1 |   1995 |  82025557
 UNITED KI1 | UNITED KI5 |   1995 |  76598993
 UNITED KI5 | UNITED KI1 |   1996 | 123252900
 UNITED KI5 | UNITED KI5 |   1996 | 103545265
 UNITED KI1 | UNITED KI5 |   1996 | 101190480
 UNITED KI1 | UNITED KI1 |   1996 |  87743510
 UNITED KI5 | UNITED KI1 |   1997 | 141722288
 UNITED KI5 | UNITED KI5 |   1997 | 128487481
 UNITED KI1 | UNITED KI1 |   1997 | 112121112
 UNITED KI1 | UNITED KI5 |   1997 |  84065599
(24 rows)

SET pg_strom.enabled = off;
select c_city,s_city,d_year,sum(lo_revenue) as revenue
from customer,lineorder,supplier,date1
where lo_custkey = c_custkey
  and lo_suppkey = s_suppkey
  and lo_orderdate = d_datekey
  and (c_city='UNITED KI1' or c_city='UNITED KI5')
  and (s_city='UNITED KI1' or s_city='UNITED KI5')
  and d_year >= 1992 and d_year <= 1997
  group by c_city, s_city, d_year
  order by d_year asc,revenue desc;
   c_city   |   s_city   | d_year |  revenue  
------------+------------+--------+-----------
 UNITED KI5 | UNITED KI1 |   1992 | 139987015
 UNITED KI5 | UNITED KI5 |   1992 | 134090283
 UNITED KI1 | UNITED KI1 |   1992 |  76725489
 UNITED KI1 | UNITED KI5 |   1992 |  74498948
 UNITED KI1 | UNITED KI1 |   1993 | 158434408
 UNITED KI5 | UNITED KI1 |   1993 | 117487678
 UNITED KI5 | UNITED KI5 |   1993 |  62419321
 UNITED KI1 | UNITED KI5 |   1993 |  57021996
 UNITED KI1 | UNITED KI1 |   1994 | 120346223
 UNITED KI5 | UNITED KI1 |   1994 |  87669487
 UNITED KI5 | UNITED KI5 |   1994 |  76774323
 UNITED KI1 | UNITED KI5 |   1994 |  54196506
 UNITED KI1 | UNITED KI1 |   1995 | 174322740
 UNITED KI5 | UNITED KI5 |   1995 |  82117209
 UNITED KI5 | UNITED KI1 |   1995 |  82025557
 UNITED KI1 | UNITED KI5 |   1995 |  76598993
 UNITED KI5 | UNITED KI1 |   1996 | 123252900
 UNITED KI5 | UNITED KI5 |   1996 | 103545265
 UNITED KI1 | UNITED KI5 |   1996 | 101190480
 UNITED KI1 | UNITED KI1 |   1996 |  87743510
 UNITED KI5 | UNITED KI1 |   1997 | 141722288
 UNITED KI5 | UNITED KI5 |   1997 | 128487481
 UNITED KI1 | UNITED KI1 |   1997 | 112121112
 UNITED KI1 | UNITED KI5 |   1997 |  84065599
(24 rows)

