SET pg_strom.regression_test_mode = on;
SET search_path = pgstrom_regress,public;
SET pg_strom.debug_kernel_source = off;
--Q2_3
SET pg_strom.enabled = on;
select sum(lo_revenue), d_year, p_brand1
  from lineorder, date1, part, supplier
  where lo_orderdate = d_datekey
    and lo_partkey = p_partkey
    and lo_suppkey = s_suppkey
     and p_brand1 = 'MFGR#2221'
     and s_region = 'EUROPE'
  group by d_year, p_brand1
  order by d_year, p_brand1;
    sum     | d_year | p_brand1  
------------+--------+-----------
 1219996085 |   1992 | MFGR#2221
 1465590759 |   1993 | MFGR#2221
 1309641741 |   1994 | MFGR#2221
 1403311660 |   1995 | MFGR#2221
 1322286433 |   1996 | MFGR#2221
 1164456675 |   1997 | MFGR#2221
  852995469 |   1998 | MFGR#2221
(7 rows)

SET pg_strom.enabled = off;
select sum(lo_revenue), d_year, p_brand1
  from lineorder, date1, part, supplier
  where lo_orderdate = d_datekey
    and lo_partkey = p_partkey
    and lo_suppkey = s_suppkey
     and p_brand1 = 'MFGR#2221'
     and s_region = 'EUROPE'
  group by d_year, p_brand1
  order by d_year, p_brand1;
    sum     | d_year | p_brand1  
------------+--------+-----------
 1219996085 |   1992 | MFGR#2221
 1465590759 |   1993 | MFGR#2221
 1309641741 |   1994 | MFGR#2221
 1403311660 |   1995 | MFGR#2221
 1322286433 |   1996 | MFGR#2221
 1164456675 |   1997 | MFGR#2221
  852995469 |   1998 | MFGR#2221
(7 rows)

