SET pg_strom.regression_test_mode = on;
SET search_path = pgstrom_regress,public;
SET pg_strom.debug_kernel_source = off;
--Q3_4
SET pg_strom.enabled = on;
select c_city, s_city, d_year, sum(lo_revenue) as revenue
from customer, lineorder, supplier, date1
   where lo_custkey = c_custkey
     and lo_suppkey = s_suppkey
     and lo_orderdate = d_datekey
      and (c_city='UNITED KI1' or c_city='UNITED KI5')
    and (s_city='UNITED KI1' or s_city='UNITED KI5')
    and d_yearmonth = 'Dec1997'
    group by c_city, s_city, d_year
  order by d_year asc, revenue desc;
   c_city   |   s_city   | d_year | revenue  
------------+------------+--------+----------
 UNITED KI1 | UNITED KI1 |   1997 | 12128689
 UNITED KI5 | UNITED KI5 |   1997 | 11797616
 UNITED KI1 | UNITED KI5 |   1997 |  9721854
 UNITED KI5 | UNITED KI1 |   1997 |  4325555
(4 rows)

SET pg_strom.enabled = off;
select c_city, s_city, d_year, sum(lo_revenue) as revenue
from customer, lineorder, supplier, date1
   where lo_custkey = c_custkey
     and lo_suppkey = s_suppkey
     and lo_orderdate = d_datekey
      and (c_city='UNITED KI1' or c_city='UNITED KI5')
    and (s_city='UNITED KI1' or s_city='UNITED KI5')
    and d_yearmonth = 'Dec1997'
    group by c_city, s_city, d_year
  order by d_year asc, revenue desc;
   c_city   |   s_city   | d_year | revenue  
------------+------------+--------+----------
 UNITED KI1 | UNITED KI1 |   1997 | 12128689
 UNITED KI5 | UNITED KI5 |   1997 | 11797616
 UNITED KI1 | UNITED KI5 |   1997 |  9721854
 UNITED KI5 | UNITED KI1 |   1997 |  4325555
(4 rows)

